1782971972230	geckodriver	INFO	Listening on 127.0.0.1:65226
1782971975283	mozrunner::runner	INFO	Running command: "C:\\Program Files\\Mozilla Firefox\\firefox.exe" "--marionette" "-profile" "C:\\Users\\ESHAAN\\AppData\\Roa ... irefox\\Profiles\\kw3a25lf.default-release" "--remote-debugging-port" "65227" "--remote-allow-hosts" "localhost" "-no-remote"
1782971975532	Marionette	INFO	Marionette enabled
1782971975550	Marionette	INFO	Listening on port 65237
WebDriver BiDi listening on ws://127.0.0.1:65227
Read port: 65237
1782971975627	RemoteAgent	WARN	TLS certificate errors will be ignored for this session
[ERROR shell_windows::limited_access_features] Error generating feature token: NS_ERROR_FAILURE
1782971976298	FirefoxAccounts	ERROR	error POSTing /oauth/token: {"error":{},"errorString":"[Exception... \"NS_ERROR_UNKNOWN_HOST\"  nsresult: \"0x804b001e (NS_ERROR_UNKNOWN_HOST)\"  location: \"JS frame :: resource://services-common/rest.sys.mjs :: onStopRequest :: line 478\"  data: no]","message":null,"code":null,"errno":null}
1782971976298	FirefoxAccounts	ERROR	Background refresh of profile failed: {"error":{},"errorString":"[Exception... \"NS_ERROR_UNKNOWN_HOST\"  nsresult: \"0x804b001e (NS_ERROR_UNKNOWN_HOST)\"  location: \"JS frame :: resource://services-common/rest.sys.mjs :: onStopRequest :: line 478\"  data: no]","message":null,"code":null,"errno":null}
1782971976420	FirefoxAccounts	ERROR	error GETing /account/attached_clients: {"error":{},"errorString":"[Exception... \"NS_ERROR_UNKNOWN_HOST\"  nsresult: \"0x804b001e (NS_ERROR_UNKNOWN_HOST)\"  location: \"JS frame :: resource://services-common/rest.sys.mjs :: onStopRequest :: line 478\"  data: no]","message":null,"code":null,"errno":null}
1782971976420	FirefoxAccounts	ERROR	Could not update attached clients list : {"error":{},"errorString":"[Exception... \"NS_ERROR_UNKNOWN_HOST\"  nsresult: \"0x804b001e (NS_ERROR_UNKNOWN_HOST)\"  location: \"JS frame :: resource://services-common/rest.sys.mjs :: onStopRequest :: line 478\"  data: no]","message":null,"code":null,"errno":null}
1782971976456	FirefoxAccounts	ERROR	error GETing /account/attached_clients: {"error":{},"errorString":"[Exception... \"NS_ERROR_UNKNOWN_HOST\"  nsresult: \"0x804b001e (NS_ERROR_UNKNOWN_HOST)\"  location: \"JS frame :: resource://services-common/rest.sys.mjs :: onStopRequest :: line 478\"  data: no]","message":null,"code":null,"errno":null}
1782971976456	FirefoxAccounts	ERROR	Could not update attached clients list : {"error":{},"errorString":"[Exception... \"NS_ERROR_UNKNOWN_HOST\"  nsresult: \"0x804b001e (NS_ERROR_UNKNOWN_HOST)\"  location: \"JS frame :: resource://services-common/rest.sys.mjs :: onStopRequest :: line 478\"  data: no]","message":null,"code":null,"errno":null}
1782971976459	FirefoxAccounts	ERROR	error GETing /account/attached_clients: {"error":{},"errorString":"[Exception... \"NS_ERROR_UNKNOWN_HOST\"  nsresult: \"0x804b001e (NS_ERROR_UNKNOWN_HOST)\"  location: \"JS frame :: resource://services-common/rest.sys.mjs :: onStopRequest :: line 478\"  data: no]","message":null,"code":null,"errno":null}
1782971976459	FirefoxAccounts	ERROR	Could not update attached clients list : {"error":{},"errorString":"[Exception... \"NS_ERROR_UNKNOWN_HOST\"  nsresult: \"0x804b001e (NS_ERROR_UNKNOWN_HOST)\"  location: \"JS frame :: resource://services-common/rest.sys.mjs :: onStopRequest :: line 478\"  data: no]","message":null,"code":null,"errno":null}
1782971976465	FirefoxAccounts	ERROR	error GETing /account/attached_clients: {"error":{},"errorString":"[Exception... \"NS_ERROR_UNKNOWN_HOST\"  nsresult: \"0x804b001e (NS_ERROR_UNKNOWN_HOST)\"  location: \"JS frame :: resource://services-common/rest.sys.mjs :: onStopRequest :: line 478\"  data: no]","message":null,"code":null,"errno":null}
1782971976465	FirefoxAccounts	ERROR	Could not update attached clients list : {"error":{},"errorString":"[Exception... \"NS_ERROR_UNKNOWN_HOST\"  nsresult: \"0x804b001e (NS_ERROR_UNKNOWN_HOST)\"  location: \"JS frame :: resource://services-common/rest.sys.mjs :: onStopRequest :: line 478\"  data: no]","message":null,"code":null,"errno":null}
console.error: "Experiment visual-card-updates has unknown featureId: newtabRefinedCardsLayout"
console.error: "Experiment enable-nimbus-unenrollment-synchronization has unknown featureId: nimbusStore"
1782971976584	FirefoxAccounts	ERROR	error GETing /account/attached_clients: {"error":{},"errorString":"[Exception... \"NS_ERROR_UNKNOWN_HOST\"  nsresult: \"0x804b001e (NS_ERROR_UNKNOWN_HOST)\"  location: \"JS frame :: resource://services-common/rest.sys.mjs :: onStopRequest :: line 478\"  data: no]","message":null,"code":null,"errno":null}
1782971976584	FirefoxAccounts	ERROR	Could not update attached clients list : {"error":{},"errorString":"[Exception... \"NS_ERROR_UNKNOWN_HOST\"  nsresult: \"0x804b001e (NS_ERROR_UNKNOWN_HOST)\"  location: \"JS frame :: resource://services-common/rest.sys.mjs :: onStopRequest :: line 478\"  data: no]","message":null,"code":null,"errno":null}
1782971976585	FirefoxAccounts	ERROR	error GETing /account/devices?filterIdleDevicesTimestamp=1781157576577: {"error":{},"errorString":"[Exception... \"NS_ERROR_UNKNOWN_HOST\"  nsresult: \"0x804b001e (NS_ERROR_UNKNOWN_HOST)\"  location: \"JS frame :: resource://services-common/rest.sys.mjs :: onStopRequest :: line 478\"  data: no]","message":null,"code":null,"errno":null}
1782971976585	Sync.Browser	ERROR	Refreshing device list failed.: {"error":{},"errorString":"[Exception... \"NS_ERROR_UNKNOWN_HOST\"  nsresult: \"0x804b001e (NS_ERROR_UNKNOWN_HOST)\"  location: \"JS frame :: resource://services-common/rest.sys.mjs :: onStopRequest :: line 478\"  data: no]","message":null,"code":null,"errno":null}
1782971976585	FirefoxAccounts	ERROR	error POSTing /oauth/token: {"error":{},"errorString":"[Exception... \"NS_ERROR_UNKNOWN_HOST\"  nsresult: \"0x804b001e (NS_ERROR_UNKNOWN_HOST)\"  location: \"JS frame :: resource://services-common/rest.sys.mjs :: onStopRequest :: line 478\"  data: no]","message":null,"code":null,"errno":null}
1782971976585	FirefoxAccounts	ERROR	FxA rejecting with error UNKNOWN_ERROR, details: {"error":{},"errorString":"[Exception... \"NS_ERROR_UNKNOWN_HOST\"  nsresult: \"0x804b001e (NS_ERROR_UNKNOWN_HOST)\"  location: \"JS frame :: resource://services-common/rest.sys.mjs :: onStopRequest :: line 478\"  data: no]","message":null,"code":null,"errno":null}
1782971976585	Sync.SyncAuthManager	ERROR	Non-authentication error in _fetchTokenForUser: Error: UNKNOWN_ERROR(resource://gre/modules/FxAccounts.sys.mjs:1455:18) JS Stack trace: _error@FxAccounts.sys.mjs:1455:18
_errorToErrorClass@FxAccounts.sys.mjs:1438:17
getOAuthToken@FxAccounts.sys.mjs:505:28
1782971976586	Sync.ErrorHandler	ERROR	Sync encountered a login error
1782971976589	FirefoxAccounts	ERROR	error GETing /account/attached_clients: {"error":{},"errorString":"[Exception... \"NS_ERROR_UNKNOWN_HOST\"  nsresult: \"0x804b001e (NS_ERROR_UNKNOWN_HOST)\"  location: \"JS frame :: resource://services-common/rest.sys.mjs :: onStopRequest :: line 478\"  data: no]","message":null,"code":null,"errno":null}
1782971976589	FirefoxAccounts	ERROR	Could not update attached clients list : {"error":{},"errorString":"[Exception... \"NS_ERROR_UNKNOWN_HOST\"  nsresult: \"0x804b001e (NS_ERROR_UNKNOWN_HOST)\"  location: \"JS frame :: resource://services-common/rest.sys.mjs :: onStopRequest :: line 478\"  data: no]","message":null,"code":null,"errno":null}
1782971976589	FirefoxAccounts	ERROR	error GETing /account/devices?filterIdleDevicesTimestamp=1781157576587: {"error":{},"errorString":"[Exception... \"NS_ERROR_UNKNOWN_HOST\"  nsresult: \"0x804b001e (NS_ERROR_UNKNOWN_HOST)\"  location: \"JS frame :: resource://services-common/rest.sys.mjs :: onStopRequest :: line 478\"  data: no]","message":null,"code":null,"errno":null}
1782971976590	Sync.Browser	ERROR	Refreshing device list failed.: {"error":{},"errorString":"[Exception... \"NS_ERROR_UNKNOWN_HOST\"  nsresult: \"0x804b001e (NS_ERROR_UNKNOWN_HOST)\"  location: \"JS frame :: resource://services-common/rest.sys.mjs :: onStopRequest :: line 478\"  data: no]","message":null,"code":null,"errno":null}
1782971976590	Sync.Browser	ERROR	Refreshing device list failed.: {"error":{},"errorString":"[Exception... \"NS_ERROR_UNKNOWN_HOST\"  nsresult: \"0x804b001e (NS_ERROR_UNKNOWN_HOST)\"  location: \"JS frame :: resource://services-common/rest.sys.mjs :: onStopRequest :: line 478\"  data: no]","message":null,"code":null,"errno":null}
1782971976590	FirefoxAccounts	ERROR	error GETing /account/attached_clients: {"error":{},"errorString":"[Exception... \"NS_ERROR_UNKNOWN_HOST\"  nsresult: \"0x804b001e (NS_ERROR_UNKNOWN_HOST)\"  location: \"JS frame :: resource://services-common/rest.sys.mjs :: onStopRequest :: line 478\"  data: no]","message":null,"code":null,"errno":null}
1782971976590	FirefoxAccounts	ERROR	Could not update attached clients list : {"error":{},"errorString":"[Exception... \"NS_ERROR_UNKNOWN_HOST\"  nsresult: \"0x804b001e (NS_ERROR_UNKNOWN_HOST)\"  location: \"JS frame :: resource://services-common/rest.sys.mjs :: onStopRequest :: line 478\"  data: no]","message":null,"code":null,"errno":null}
1782971976625	FirefoxAccounts	ERROR	error GETing /account/attached_clients: {"error":{},"errorString":"[Exception... \"NS_ERROR_UNKNOWN_HOST\"  nsresult: \"0x804b001e (NS_ERROR_UNKNOWN_HOST)\"  location: \"JS frame :: resource://services-common/rest.sys.mjs :: onStopRequest :: line 478\"  data: no]","message":null,"code":null,"errno":null}
1782971976625	FirefoxAccounts	ERROR	Could not update attached clients list : {"error":{},"errorString":"[Exception... \"NS_ERROR_UNKNOWN_HOST\"  nsresult: \"0x804b001e (NS_ERROR_UNKNOWN_HOST)\"  location: \"JS frame :: resource://services-common/rest.sys.mjs :: onStopRequest :: line 478\"  data: no]","message":null,"code":null,"errno":null}
1782971976625	FirefoxAccounts	ERROR	error GETing /account/devices?filterIdleDevicesTimestamp=1781157576623: {"error":{},"errorString":"[Exception... \"NS_ERROR_UNKNOWN_HOST\"  nsresult: \"0x804b001e (NS_ERROR_UNKNOWN_HOST)\"  location: \"JS frame :: resource://services-common/rest.sys.mjs :: onStopRequest :: line 478\"  data: no]","message":null,"code":null,"errno":null}
1782971976625	Sync.Browser	ERROR	Refreshing device list failed.: {"error":{},"errorString":"[Exception... \"NS_ERROR_UNKNOWN_HOST\"  nsresult: \"0x804b001e (NS_ERROR_UNKNOWN_HOST)\"  location: \"JS frame :: resource://services-common/rest.sys.mjs :: onStopRequest :: line 478\"  data: no]","message":null,"code":null,"errno":null}
console.error: "Sync encountered an error - see about:sync-log for the log file."
1782971976825	Marionette	INFO	Stopped listening on port 65237
