1782962212955	geckodriver	INFO	Listening on 127.0.0.1:49805
1782962215581	webdriver::server	INFO	Shutting down
1782971951069	geckodriver	INFO	Listening on 127.0.0.1:65114
1782971954175	mozrunner::runner	INFO	Running command: "C:\\Program Files\\Mozilla Firefox\\firefox.exe" "--marionette" "-profile" "C:\\Users\\ESHAAN\\AppData\\Roa ... irefox\\Profiles\\kw3a25lf.default-release" "--remote-debugging-port" "65115" "--remote-allow-hosts" "localhost" "-no-remote"
1782971954423	Marionette	INFO	Marionette enabled
1782971954440	Marionette	INFO	Listening on port 65122
WebDriver BiDi listening on ws://127.0.0.1:65115
Read port: 65122
1782971954507	RemoteAgent	WARN	TLS certificate errors will be ignored for this session
[ERROR shell_windows::limited_access_features] Error generating feature token: NS_ERROR_FAILURE
1782971955237	FirefoxAccounts	ERROR	error POSTing /oauth/token: {"error":{},"errorString":"[Exception... \"NS_ERROR_UNKNOWN_HOST\"  nsresult: \"0x804b001e (NS_ERROR_UNKNOWN_HOST)\"  location: \"JS frame :: resource://services-common/rest.sys.mjs :: onStopRequest :: line 478\"  data: no]","message":null,"code":null,"errno":null}
1782971955237	FirefoxAccounts	ERROR	Background refresh of profile failed: {"error":{},"errorString":"[Exception... \"NS_ERROR_UNKNOWN_HOST\"  nsresult: \"0x804b001e (NS_ERROR_UNKNOWN_HOST)\"  location: \"JS frame :: resource://services-common/rest.sys.mjs :: onStopRequest :: line 478\"  data: no]","message":null,"code":null,"errno":null}
1782971955363	FirefoxAccounts	ERROR	error GETing /account/attached_clients: {"error":{},"errorString":"[Exception... \"NS_ERROR_UNKNOWN_HOST\"  nsresult: \"0x804b001e (NS_ERROR_UNKNOWN_HOST)\"  location: \"JS frame :: resource://services-common/rest.sys.mjs :: onStopRequest :: line 478\"  data: no]","message":null,"code":null,"errno":null}
1782971955363	FirefoxAccounts	ERROR	Could not update attached clients list : {"error":{},"errorString":"[Exception... \"NS_ERROR_UNKNOWN_HOST\"  nsresult: \"0x804b001e (NS_ERROR_UNKNOWN_HOST)\"  location: \"JS frame :: resource://services-common/rest.sys.mjs :: onStopRequest :: line 478\"  data: no]","message":null,"code":null,"errno":null}
1782971955384	FirefoxAccounts	ERROR	error GETing /account/attached_clients: {"error":{},"errorString":"[Exception... \"NS_ERROR_UNKNOWN_HOST\"  nsresult: \"0x804b001e (NS_ERROR_UNKNOWN_HOST)\"  location: \"JS frame :: resource://services-common/rest.sys.mjs :: onStopRequest :: line 478\"  data: no]","message":null,"code":null,"errno":null}
1782971955384	FirefoxAccounts	ERROR	Could not update attached clients list : {"error":{},"errorString":"[Exception... \"NS_ERROR_UNKNOWN_HOST\"  nsresult: \"0x804b001e (NS_ERROR_UNKNOWN_HOST)\"  location: \"JS frame :: resource://services-common/rest.sys.mjs :: onStopRequest :: line 478\"  data: no]","message":null,"code":null,"errno":null}
1782971955391	FirefoxAccounts	ERROR	error GETing /account/attached_clients: {"error":{},"errorString":"[Exception... \"NS_ERROR_UNKNOWN_HOST\"  nsresult: \"0x804b001e (NS_ERROR_UNKNOWN_HOST)\"  location: \"JS frame :: resource://services-common/rest.sys.mjs :: onStopRequest :: line 478\"  data: no]","message":null,"code":null,"errno":null}
1782971955391	FirefoxAccounts	ERROR	Could not update attached clients list : {"error":{},"errorString":"[Exception... \"NS_ERROR_UNKNOWN_HOST\"  nsresult: \"0x804b001e (NS_ERROR_UNKNOWN_HOST)\"  location: \"JS frame :: resource://services-common/rest.sys.mjs :: onStopRequest :: line 478\"  data: no]","message":null,"code":null,"errno":null}
1782971955393	FirefoxAccounts	ERROR	error GETing /account/attached_clients: {"error":{},"errorString":"[Exception... \"NS_ERROR_UNKNOWN_HOST\"  nsresult: \"0x804b001e (NS_ERROR_UNKNOWN_HOST)\"  location: \"JS frame :: resource://services-common/rest.sys.mjs :: onStopRequest :: line 478\"  data: no]","message":null,"code":null,"errno":null}
1782971955393	FirefoxAccounts	ERROR	Could not update attached clients list : {"error":{},"errorString":"[Exception... \"NS_ERROR_UNKNOWN_HOST\"  nsresult: \"0x804b001e (NS_ERROR_UNKNOWN_HOST)\"  location: \"JS frame :: resource://services-common/rest.sys.mjs :: onStopRequest :: line 478\"  data: no]","message":null,"code":null,"errno":null}
console.error: "Experiment visual-card-updates has unknown featureId: newtabRefinedCardsLayout"
console.error: "Experiment enable-nimbus-unenrollment-synchronization has unknown featureId: nimbusStore"
1782971955537	FirefoxAccounts	ERROR	error GETing /account/attached_clients: {"error":{},"errorString":"[Exception... \"NS_ERROR_UNKNOWN_HOST\"  nsresult: \"0x804b001e (NS_ERROR_UNKNOWN_HOST)\"  location: \"JS frame :: resource://services-common/rest.sys.mjs :: onStopRequest :: line 478\"  data: no]","message":null,"code":null,"errno":null}
1782971955537	FirefoxAccounts	ERROR	Could not update attached clients list : {"error":{},"errorString":"[Exception... \"NS_ERROR_UNKNOWN_HOST\"  nsresult: \"0x804b001e (NS_ERROR_UNKNOWN_HOST)\"  location: \"JS frame :: resource://services-common/rest.sys.mjs :: onStopRequest :: line 478\"  data: no]","message":null,"code":null,"errno":null}
1782971955538	FirefoxAccounts	ERROR	error GETing /account/devices?filterIdleDevicesTimestamp=1781157555530: {"error":{},"errorString":"[Exception... \"NS_ERROR_UNKNOWN_HOST\"  nsresult: \"0x804b001e (NS_ERROR_UNKNOWN_HOST)\"  location: \"JS frame :: resource://services-common/rest.sys.mjs :: onStopRequest :: line 478\"  data: no]","message":null,"code":null,"errno":null}
1782971955538	Sync.Browser	ERROR	Refreshing device list failed.: {"error":{},"errorString":"[Exception... \"NS_ERROR_UNKNOWN_HOST\"  nsresult: \"0x804b001e (NS_ERROR_UNKNOWN_HOST)\"  location: \"JS frame :: resource://services-common/rest.sys.mjs :: onStopRequest :: line 478\"  data: no]","message":null,"code":null,"errno":null}
1782971955538	FirefoxAccounts	ERROR	error POSTing /oauth/token: {"error":{},"errorString":"[Exception... \"NS_ERROR_UNKNOWN_HOST\"  nsresult: \"0x804b001e (NS_ERROR_UNKNOWN_HOST)\"  location: \"JS frame :: resource://services-common/rest.sys.mjs :: onStopRequest :: line 478\"  data: no]","message":null,"code":null,"errno":null}
1782971955538	FirefoxAccounts	ERROR	FxA rejecting with error UNKNOWN_ERROR, details: {"error":{},"errorString":"[Exception... \"NS_ERROR_UNKNOWN_HOST\"  nsresult: \"0x804b001e (NS_ERROR_UNKNOWN_HOST)\"  location: \"JS frame :: resource://services-common/rest.sys.mjs :: onStopRequest :: line 478\"  data: no]","message":null,"code":null,"errno":null}
1782971955538	Sync.SyncAuthManager	ERROR	Non-authentication error in _fetchTokenForUser: Error: UNKNOWN_ERROR(resource://gre/modules/FxAccounts.sys.mjs:1455:18) JS Stack trace: _error@FxAccounts.sys.mjs:1455:18
_errorToErrorClass@FxAccounts.sys.mjs:1438:17
getOAuthToken@FxAccounts.sys.mjs:505:28
1782971955539	Sync.ErrorHandler	ERROR	Sync encountered a login error
1782971955542	FirefoxAccounts	ERROR	error GETing /account/attached_clients: {"error":{},"errorString":"[Exception... \"NS_ERROR_UNKNOWN_HOST\"  nsresult: \"0x804b001e (NS_ERROR_UNKNOWN_HOST)\"  location: \"JS frame :: resource://services-common/rest.sys.mjs :: onStopRequest :: line 478\"  data: no]","message":null,"code":null,"errno":null}
1782971955542	FirefoxAccounts	ERROR	Could not update attached clients list : {"error":{},"errorString":"[Exception... \"NS_ERROR_UNKNOWN_HOST\"  nsresult: \"0x804b001e (NS_ERROR_UNKNOWN_HOST)\"  location: \"JS frame :: resource://services-common/rest.sys.mjs :: onStopRequest :: line 478\"  data: no]","message":null,"code":null,"errno":null}
1782971955542	FirefoxAccounts	ERROR	error GETing /account/devices?filterIdleDevicesTimestamp=1781157555540: {"error":{},"errorString":"[Exception... \"NS_ERROR_UNKNOWN_HOST\"  nsresult: \"0x804b001e (NS_ERROR_UNKNOWN_HOST)\"  location: \"JS frame :: resource://services-common/rest.sys.mjs :: onStopRequest :: line 478\"  data: no]","message":null,"code":null,"errno":null}
1782971955542	Sync.Browser	ERROR	Refreshing device list failed.: {"error":{},"errorString":"[Exception... \"NS_ERROR_UNKNOWN_HOST\"  nsresult: \"0x804b001e (NS_ERROR_UNKNOWN_HOST)\"  location: \"JS frame :: resource://services-common/rest.sys.mjs :: onStopRequest :: line 478\"  data: no]","message":null,"code":null,"errno":null}
1782971955542	Sync.Browser	ERROR	Refreshing device list failed.: {"error":{},"errorString":"[Exception... \"NS_ERROR_UNKNOWN_HOST\"  nsresult: \"0x804b001e (NS_ERROR_UNKNOWN_HOST)\"  location: \"JS frame :: resource://services-common/rest.sys.mjs :: onStopRequest :: line 478\"  data: no]","message":null,"code":null,"errno":null}
1782971955546	FirefoxAccounts	ERROR	error GETing /account/attached_clients: {"error":{},"errorString":"[Exception... \"NS_ERROR_UNKNOWN_HOST\"  nsresult: \"0x804b001e (NS_ERROR_UNKNOWN_HOST)\"  location: \"JS frame :: resource://services-common/rest.sys.mjs :: onStopRequest :: line 478\"  data: no]","message":null,"code":null,"errno":null}
1782971955546	FirefoxAccounts	ERROR	Could not update attached clients list : {"error":{},"errorString":"[Exception... \"NS_ERROR_UNKNOWN_HOST\"  nsresult: \"0x804b001e (NS_ERROR_UNKNOWN_HOST)\"  location: \"JS frame :: resource://services-common/rest.sys.mjs :: onStopRequest :: line 478\"  data: no]","message":null,"code":null,"errno":null}
1782971955563	FirefoxAccounts	ERROR	error GETing /account/attached_clients: {"error":{},"errorString":"[Exception... \"NS_ERROR_UNKNOWN_HOST\"  nsresult: \"0x804b001e (NS_ERROR_UNKNOWN_HOST)\"  location: \"JS frame :: resource://services-common/rest.sys.mjs :: onStopRequest :: line 478\"  data: no]","message":null,"code":null,"errno":null}
1782971955563	FirefoxAccounts	ERROR	Could not update attached clients list : {"error":{},"errorString":"[Exception... \"NS_ERROR_UNKNOWN_HOST\"  nsresult: \"0x804b001e (NS_ERROR_UNKNOWN_HOST)\"  location: \"JS frame :: resource://services-common/rest.sys.mjs :: onStopRequest :: line 478\"  data: no]","message":null,"code":null,"errno":null}
1782971955563	FirefoxAccounts	ERROR	error GETing /account/devices?filterIdleDevicesTimestamp=1781157555562: {"error":{},"errorString":"[Exception... \"NS_ERROR_UNKNOWN_HOST\"  nsresult: \"0x804b001e (NS_ERROR_UNKNOWN_HOST)\"  location: \"JS frame :: resource://services-common/rest.sys.mjs :: onStopRequest :: line 478\"  data: no]","message":null,"code":null,"errno":null}
1782971955563	Sync.Browser	ERROR	Refreshing device list failed.: {"error":{},"errorString":"[Exception... \"NS_ERROR_UNKNOWN_HOST\"  nsresult: \"0x804b001e (NS_ERROR_UNKNOWN_HOST)\"  location: \"JS frame :: resource://services-common/rest.sys.mjs :: onStopRequest :: line 478\"  data: no]","message":null,"code":null,"errno":null}
console.error: "Sync encountered an error - see about:sync-log for the log file."
1782971955761	FirefoxAccounts	ERROR	error GETing /account/attached_clients: {"error":{},"errorString":"[Exception... \"NS_ERROR_UNKNOWN_HOST\"  nsresult: \"0x804b001e (NS_ERROR_UNKNOWN_HOST)\"  location: \"JS frame :: resource://services-common/rest.sys.mjs :: onStopRequest :: line 478\"  data: no]","message":null,"code":null,"errno":null}
1782971955761	FirefoxAccounts	ERROR	Could not update attached clients list : {"error":{},"errorString":"[Exception... \"NS_ERROR_UNKNOWN_HOST\"  nsresult: \"0x804b001e (NS_ERROR_UNKNOWN_HOST)\"  location: \"JS frame :: resource://services-common/rest.sys.mjs :: onStopRequest :: line 478\"  data: no]","message":null,"code":null,"errno":null}
1782971959682	Marionette	INFO	Stopped listening on port 65122
JavaScript warning: https://static-assets-web.flixcart.com/fk-sp-static/script/928.5fee269ecee6028b0c35.js, line 2: Script terminated by timeout at:
renderLocalTransform@https://static-assets-web.flixcart.com/fk-sp-static/script/928.5fee269ecee6028b0c35.js:2:2335777
renderFrame@https://static-assets-web.flixcart.com/fk-sp-static/script/928.5fee269ecee6028b0c35.js:2:2346539
11248/factory/SVGRendererBase.prototype.renderFrame@https://static-assets-web.flixcart.com/fk-sp-static/script/928.5fee269ecee6028b0c35.js:2:2396754
11248/factory/AnimationItem.prototype.renderFrame@https://static-assets-web.flixcart.com/fk-sp-static/script/928.5fee269ecee6028b0c35.js:2:2240597
11248/factory/AnimationItem.prototype.gotoFrame@https://static-assets-web.flixcart.com/fk-sp-static/script/928.5fee269ecee6028b0c35.js:2:2240393
11248/factory/AnimationItem.prototype.setCurrentRawFrameValue@https://static-assets-web.flixcart.com/fk-sp-static/script/928.5fee269ecee6028b0c35.js:2:2244826
11248/factory/AnimationItem.prototype.advanceTime@https://static-assets-web.flixcart.com/fk-sp-static/script/928.5fee269ecee6028b0c35.js:2:2242816
p@https://static-assets-web.flixcart.com/fk-sp-static/script/928.5fee269ecee6028b0c35.js:2:2248797
nrWrapper@https://img1a.flixcart.com/fk-sp-static/scripts/nr-script.js:1896:33

1782974966763	geckodriver	INFO	Listening on 127.0.0.1:55021
1782974969851	mozrunner::runner	INFO	Running command: "C:\\Program Files\\Mozilla Firefox\\firefox.exe" "--marionette" "-profile" "C:\\Users\\ESHAAN\\AppData\\Roa ... irefox\\Profiles\\kw3a25lf.default-release" "--remote-debugging-port" "55022" "--remote-allow-hosts" "localhost" "-no-remote"
1782974970076	Marionette	INFO	Marionette enabled
1782974970093	Marionette	INFO	Listening on port 55031
WebDriver BiDi listening on ws://127.0.0.1:55022
Read port: 55031
1782974970181	RemoteAgent	WARN	TLS certificate errors will be ignored for this session
[ERROR shell_windows::limited_access_features] Error generating feature token: NS_ERROR_FAILURE
1782974970864	FirefoxAccounts	ERROR	error POSTing /oauth/token: {"error":{},"errorString":"[Exception... \"NS_ERROR_UNKNOWN_HOST\"  nsresult: \"0x804b001e (NS_ERROR_UNKNOWN_HOST)\"  location: \"JS frame :: resource://services-common/rest.sys.mjs :: onStopRequest :: line 478\"  data: no]","message":null,"code":null,"errno":null}
1782974970864	FirefoxAccounts	ERROR	Background refresh of profile failed: {"error":{},"errorString":"[Exception... \"NS_ERROR_UNKNOWN_HOST\"  nsresult: \"0x804b001e (NS_ERROR_UNKNOWN_HOST)\"  location: \"JS frame :: resource://services-common/rest.sys.mjs :: onStopRequest :: line 478\"  data: no]","message":null,"code":null,"errno":null}
1782974970985	FirefoxAccounts	ERROR	error GETing /account/attached_clients: {"error":{},"errorString":"[Exception... \"NS_ERROR_UNKNOWN_HOST\"  nsresult: \"0x804b001e (NS_ERROR_UNKNOWN_HOST)\"  location: \"JS frame :: resource://services-common/rest.sys.mjs :: onStopRequest :: line 478\"  data: no]","message":null,"code":null,"errno":null}
1782974970985	FirefoxAccounts	ERROR	Could not update attached clients list : {"error":{},"errorString":"[Exception... \"NS_ERROR_UNKNOWN_HOST\"  nsresult: \"0x804b001e (NS_ERROR_UNKNOWN_HOST)\"  location: \"JS frame :: resource://services-common/rest.sys.mjs :: onStopRequest :: line 478\"  data: no]","message":null,"code":null,"errno":null}
1782974971006	FirefoxAccounts	ERROR	error GETing /account/attached_clients: {"error":{},"errorString":"[Exception... \"NS_ERROR_UNKNOWN_HOST\"  nsresult: \"0x804b001e (NS_ERROR_UNKNOWN_HOST)\"  location: \"JS frame :: resource://services-common/rest.sys.mjs :: onStopRequest :: line 478\"  data: no]","message":null,"code":null,"errno":null}
1782974971006	FirefoxAccounts	ERROR	Could not update attached clients list : {"error":{},"errorString":"[Exception... \"NS_ERROR_UNKNOWN_HOST\"  nsresult: \"0x804b001e (NS_ERROR_UNKNOWN_HOST)\"  location: \"JS frame :: resource://services-common/rest.sys.mjs :: onStopRequest :: line 478\"  data: no]","message":null,"code":null,"errno":null}
1782974971008	FirefoxAccounts	ERROR	error GETing /account/attached_clients: {"error":{},"errorString":"[Exception... \"NS_ERROR_UNKNOWN_HOST\"  nsresult: \"0x804b001e (NS_ERROR_UNKNOWN_HOST)\"  location: \"JS frame :: resource://services-common/rest.sys.mjs :: onStopRequest :: line 478\"  data: no]","message":null,"code":null,"errno":null}
1782974971008	FirefoxAccounts	ERROR	Could not update attached clients list : {"error":{},"errorString":"[Exception... \"NS_ERROR_UNKNOWN_HOST\"  nsresult: \"0x804b001e (NS_ERROR_UNKNOWN_HOST)\"  location: \"JS frame :: resource://services-common/rest.sys.mjs :: onStopRequest :: line 478\"  data: no]","message":null,"code":null,"errno":null}
1782974971009	FirefoxAccounts	ERROR	error GETing /account/attached_clients: {"error":{},"errorString":"[Exception... \"NS_ERROR_UNKNOWN_HOST\"  nsresult: \"0x804b001e (NS_ERROR_UNKNOWN_HOST)\"  location: \"JS frame :: resource://services-common/rest.sys.mjs :: onStopRequest :: line 478\"  data: no]","message":null,"code":null,"errno":null}
1782974971009	FirefoxAccounts	ERROR	Could not update attached clients list : {"error":{},"errorString":"[Exception... \"NS_ERROR_UNKNOWN_HOST\"  nsresult: \"0x804b001e (NS_ERROR_UNKNOWN_HOST)\"  location: \"JS frame :: resource://services-common/rest.sys.mjs :: onStopRequest :: line 478\"  data: no]","message":null,"code":null,"errno":null}
console.error: "Experiment visual-card-updates has unknown featureId: newtabRefinedCardsLayout"
console.error: "Experiment enable-nimbus-unenrollment-synchronization has unknown featureId: nimbusStore"
1782974971150	FirefoxAccounts	ERROR	error GETing /account/devices?filterIdleDevicesTimestamp=1781160571144: {"error":{},"errorString":"[Exception... \"NS_ERROR_UNKNOWN_HOST\"  nsresult: \"0x804b001e (NS_ERROR_UNKNOWN_HOST)\"  location: \"JS frame :: resource://services-common/rest.sys.mjs :: onStopRequest :: line 478\"  data: no]","message":null,"code":null,"errno":null}
1782974971151	Sync.Browser	ERROR	Refreshing device list failed.: {"error":{},"errorString":"[Exception... \"NS_ERROR_UNKNOWN_HOST\"  nsresult: \"0x804b001e (NS_ERROR_UNKNOWN_HOST)\"  location: \"JS frame :: resource://services-common/rest.sys.mjs :: onStopRequest :: line 478\"  data: no]","message":null,"code":null,"errno":null}
1782974971151	FirefoxAccounts	ERROR	error GETing /account/attached_clients: {"error":{},"errorString":"[Exception... \"NS_ERROR_UNKNOWN_HOST\"  nsresult: \"0x804b001e (NS_ERROR_UNKNOWN_HOST)\"  location: \"JS frame :: resource://services-common/rest.sys.mjs :: onStopRequest :: line 478\"  data: no]","message":null,"code":null,"errno":null}
1782974971151	FirefoxAccounts	ERROR	Could not update attached clients list : {"error":{},"errorString":"[Exception... \"NS_ERROR_UNKNOWN_HOST\"  nsresult: \"0x804b001e (NS_ERROR_UNKNOWN_HOST)\"  location: \"JS frame :: resource://services-common/rest.sys.mjs :: onStopRequest :: line 478\"  data: no]","message":null,"code":null,"errno":null}
1782974971151	FirefoxAccounts	ERROR	error POSTing /oauth/token: {"error":{},"errorString":"[Exception... \"NS_ERROR_UNKNOWN_HOST\"  nsresult: \"0x804b001e (NS_ERROR_UNKNOWN_HOST)\"  location: \"JS frame :: resource://services-common/rest.sys.mjs :: onStopRequest :: line 478\"  data: no]","message":null,"code":null,"errno":null}
1782974971151	FirefoxAccounts	ERROR	FxA rejecting with error UNKNOWN_ERROR, details: {"error":{},"errorString":"[Exception... \"NS_ERROR_UNKNOWN_HOST\"  nsresult: \"0x804b001e (NS_ERROR_UNKNOWN_HOST)\"  location: \"JS frame :: resource://services-common/rest.sys.mjs :: onStopRequest :: line 478\"  data: no]","message":null,"code":null,"errno":null}
1782974971152	Sync.SyncAuthManager	ERROR	Non-authentication error in _fetchTokenForUser: Error: UNKNOWN_ERROR(resource://gre/modules/FxAccounts.sys.mjs:1455:18) JS Stack trace: _error@FxAccounts.sys.mjs:1455:18
_errorToErrorClass@FxAccounts.sys.mjs:1438:17
getOAuthToken@FxAccounts.sys.mjs:505:28
1782974971152	Sync.ErrorHandler	ERROR	Sync encountered a login error
1782974971155	FirefoxAccounts	ERROR	error GETing /account/attached_clients: {"error":{},"errorString":"[Exception... \"NS_ERROR_UNKNOWN_HOST\"  nsresult: \"0x804b001e (NS_ERROR_UNKNOWN_HOST)\"  location: \"JS frame :: resource://services-common/rest.sys.mjs :: onStopRequest :: line 478\"  data: no]","message":null,"code":null,"errno":null}
1782974971155	FirefoxAccounts	ERROR	Could not update attached clients list : {"error":{},"errorString":"[Exception... \"NS_ERROR_UNKNOWN_HOST\"  nsresult: \"0x804b001e (NS_ERROR_UNKNOWN_HOST)\"  location: \"JS frame :: resource://services-common/rest.sys.mjs :: onStopRequest :: line 478\"  data: no]","message":null,"code":null,"errno":null}
1782974971156	FirefoxAccounts	ERROR	error GETing /account/devices?filterIdleDevicesTimestamp=1781160571153: {"error":{},"errorString":"[Exception... \"NS_ERROR_UNKNOWN_HOST\"  nsresult: \"0x804b001e (NS_ERROR_UNKNOWN_HOST)\"  location: \"JS frame :: resource://services-common/rest.sys.mjs :: onStopRequest :: line 478\"  data: no]","message":null,"code":null,"errno":null}
1782974971156	Sync.Browser	ERROR	Refreshing device list failed.: {"error":{},"errorString":"[Exception... \"NS_ERROR_UNKNOWN_HOST\"  nsresult: \"0x804b001e (NS_ERROR_UNKNOWN_HOST)\"  location: \"JS frame :: resource://services-common/rest.sys.mjs :: onStopRequest :: line 478\"  data: no]","message":null,"code":null,"errno":null}
1782974971156	Sync.Browser	ERROR	Refreshing device list failed.: {"error":{},"errorString":"[Exception... \"NS_ERROR_UNKNOWN_HOST\"  nsresult: \"0x804b001e (NS_ERROR_UNKNOWN_HOST)\"  location: \"JS frame :: resource://services-common/rest.sys.mjs :: onStopRequest :: line 478\"  data: no]","message":null,"code":null,"errno":null}
1782974971156	FirefoxAccounts	ERROR	error GETing /account/attached_clients: {"error":{},"errorString":"[Exception... \"NS_ERROR_UNKNOWN_HOST\"  nsresult: \"0x804b001e (NS_ERROR_UNKNOWN_HOST)\"  location: \"JS frame :: resource://services-common/rest.sys.mjs :: onStopRequest :: line 478\"  data: no]","message":null,"code":null,"errno":null}
1782974971156	FirefoxAccounts	ERROR	Could not update attached clients list : {"error":{},"errorString":"[Exception... \"NS_ERROR_UNKNOWN_HOST\"  nsresult: \"0x804b001e (NS_ERROR_UNKNOWN_HOST)\"  location: \"JS frame :: resource://services-common/rest.sys.mjs :: onStopRequest :: line 478\"  data: no]","message":null,"code":null,"errno":null}
1782974971182	FirefoxAccounts	ERROR	error GETing /account/devices?filterIdleDevicesTimestamp=1781160571181: {"error":{},"errorString":"[Exception... \"NS_ERROR_UNKNOWN_HOST\"  nsresult: \"0x804b001e (NS_ERROR_UNKNOWN_HOST)\"  location: \"JS frame :: resource://services-common/rest.sys.mjs :: onStopRequest :: line 478\"  data: no]","message":null,"code":null,"errno":null}
1782974971182	Sync.Browser	ERROR	Refreshing device list failed.: {"error":{},"errorString":"[Exception... \"NS_ERROR_UNKNOWN_HOST\"  nsresult: \"0x804b001e (NS_ERROR_UNKNOWN_HOST)\"  location: \"JS frame :: resource://services-common/rest.sys.mjs :: onStopRequest :: line 478\"  data: no]","message":null,"code":null,"errno":null}
1782974971183	FirefoxAccounts	ERROR	error GETing /account/attached_clients: {"error":{},"errorString":"[Exception... \"NS_ERROR_UNKNOWN_HOST\"  nsresult: \"0x804b001e (NS_ERROR_UNKNOWN_HOST)\"  location: \"JS frame :: resource://services-common/rest.sys.mjs :: onStopRequest :: line 478\"  data: no]","message":null,"code":null,"errno":null}
1782974971183	FirefoxAccounts	ERROR	Could not update attached clients list : {"error":{},"errorString":"[Exception... \"NS_ERROR_UNKNOWN_HOST\"  nsresult: \"0x804b001e (NS_ERROR_UNKNOWN_HOST)\"  location: \"JS frame :: resource://services-common/rest.sys.mjs :: onStopRequest :: line 478\"  data: no]","message":null,"code":null,"errno":null}
console.error: "Sync encountered an error - see about:sync-log for the log file."
1782974971377	FirefoxAccounts	ERROR	error GETing /account/attached_clients: {"error":{},"errorString":"[Exception... \"NS_ERROR_UNKNOWN_HOST\"  nsresult: \"0x804b001e (NS_ERROR_UNKNOWN_HOST)\"  location: \"JS frame :: resource://services-common/rest.sys.mjs :: onStopRequest :: line 478\"  data: no]","message":null,"code":null,"errno":null}
1782974971378	FirefoxAccounts	ERROR	Could not update attached clients list : {"error":{},"errorString":"[Exception... \"NS_ERROR_UNKNOWN_HOST\"  nsresult: \"0x804b001e (NS_ERROR_UNKNOWN_HOST)\"  location: \"JS frame :: resource://services-common/rest.sys.mjs :: onStopRequest :: line 478\"  data: no]","message":null,"code":null,"errno":null}
1782975004611	RemoteAgent	WARN	TimedPromise timed out after 500 ms: stacktrace:
TimedPromise/<@chrome://remote/content/shared/Sync.sys.mjs:448:24
TimedPromise@chrome://remote/content/shared/Sync.sys.mjs:432:10
interaction.flushEventLoop@chrome://remote/content/marionette/interaction.sys.mjs:465:10
webdriverClickElement@chrome://remote/content/marionette/interaction.sys.mjs:218:33
1782975029858	RemoteAgent	WARN	TimedPromise timed out after 500 ms: stacktrace:
TimedPromise/<@chrome://remote/content/shared/Sync.sys.mjs:448:24
TimedPromise@chrome://remote/content/shared/Sync.sys.mjs:432:10
interaction.flushEventLoop@chrome://remote/content/marionette/interaction.sys.mjs:465:10
webdriverClickElement@chrome://remote/content/marionette/interaction.sys.mjs:218:33
1782975120653	Marionette	INFO	Stopped listening on port 55031
JavaScript warning: https://static-assets-web.flixcart.com/fk-sp-static/script/928.5fee269ecee6028b0c35.js, line 2: Script terminated by timeout at:
p@https://static-assets-web.flixcart.com/fk-sp-static/script/928.5fee269ecee6028b0c35.js:2:2248761

