2026-08-15 20:58:08,830 ERROR MainThread Failed to handle UI event {'type': 'capturing'}
Traceback (most recent call last):
  File "print_batch_gui.pyw", line 762, in poll_events
    self.handle_event(event)
    ~~~~~~~~~~~~~~~~~^^^^^^^
  File "print_batch_gui.pyw", line 791, in handle_event
    self.detail.set(f"Capturing {event['byte_count']:,} bytes…")
                                 ~~~~~^^^^^^^^^^^^^^
KeyError: 'byte_count'
2026-08-17 09:55:19,381 INFO MainThread Starting Flipkart Batch Printer
2026-08-18 10:12:20,553 INFO MainThread Starting Flipkart Batch Printer
2026-08-18 10:24:32,542 INFO MainThread Starting Flipkart Batch Printer
2026-08-18 19:59:50,204 INFO MainThread Starting Flipkart Batch Printer
2026-08-18 20:18:23,619 INFO MainThread Starting Flipkart Batch Printer
2026-08-20 06:56:38,621 INFO MainThread Starting Flipkart Batch Printer
2026-08-21 08:42:52,215 INFO MainThread Starting Flipkart Batch Printer
2026-08-21 09:00:33,680 INFO MainThread Starting Flipkart Batch Printer
2026-08-21 09:07:18,135 INFO MainThread Starting Flipkart Batch Printer
2026-08-22 09:21:06,355 INFO MainThread Starting Flipkart Batch Printer
2026-08-23 20:27:37,609 INFO MainThread Starting Flipkart Batch Printer
2026-08-24 10:19:09,744 INFO MainThread Starting Flipkart Batch Printer
2026-08-25 09:33:23,572 INFO MainThread Starting Flipkart Batch Printer
2026-08-26 09:47:16,737 INFO MainThread Starting Flipkart Batch Printer
2026-08-27 09:21:31,149 INFO MainThread Starting Flipkart Batch Printer
2026-08-28 09:53:32,647 INFO MainThread Starting Flipkart Batch Printer
2026-08-29 09:41:21,004 INFO MainThread Starting Flipkart Batch Printer
2026-08-30 09:19:00,386 INFO MainThread Starting Flipkart Batch Printer
2026-08-31 10:01:12,562 INFO MainThread Starting Flipkart Batch Printer
