1782962212955	geckodriver	INFO	Listening on 127.0.0.1:49805
1782962215581	webdriver::server	INFO	Shutting down
1783413290248	geckodriver	INFO	Listening on 127.0.0.1:58018
1783413293353	mozrunner::runner	INFO	Running command: "C:\\Program Files\\Mozilla Firefox\\firefox.exe" "--marionette" "-profile" "C:\\Users\\ESHAAN\\AppData\\Roa ... irefox\\Profiles\\kw3a25lf.default-release" "--remote-debugging-port" "58019" "--remote-allow-hosts" "localhost" "-no-remote"
1783413293575	Marionette	INFO	Marionette enabled
1783413293592	Marionette	INFO	Listening on port 58027
WebDriver BiDi listening on ws://127.0.0.1:58019
Read port: 58027
1783413293687	RemoteAgent	WARN	TLS certificate errors will be ignored for this session
[ERROR shell_windows::limited_access_features] Error generating feature token: NS_ERROR_FAILURE
1783413294524	FirefoxAccounts	ERROR	error POSTing /oauth/token: {"error":{},"errorString":"[Exception... \"NS_ERROR_UNKNOWN_HOST\"  nsresult: \"0x804b001e (NS_ERROR_UNKNOWN_HOST)\"  location: \"JS frame :: resource://services-common/rest.sys.mjs :: onStopRequest :: line 478\"  data: no]","message":null,"code":null,"errno":null}
1783413294524	FirefoxAccounts	ERROR	Background refresh of profile failed: {"error":{},"errorString":"[Exception... \"NS_ERROR_UNKNOWN_HOST\"  nsresult: \"0x804b001e (NS_ERROR_UNKNOWN_HOST)\"  location: \"JS frame :: resource://services-common/rest.sys.mjs :: onStopRequest :: line 478\"  data: no]","message":null,"code":null,"errno":null}
1783413294658	FirefoxAccounts	ERROR	error GETing /account/attached_clients: {"error":{},"errorString":"[Exception... \"NS_ERROR_UNKNOWN_HOST\"  nsresult: \"0x804b001e (NS_ERROR_UNKNOWN_HOST)\"  location: \"JS frame :: resource://services-common/rest.sys.mjs :: onStopRequest :: line 478\"  data: no]","message":null,"code":null,"errno":null}
1783413294659	FirefoxAccounts	ERROR	Could not update attached clients list : {"error":{},"errorString":"[Exception... \"NS_ERROR_UNKNOWN_HOST\"  nsresult: \"0x804b001e (NS_ERROR_UNKNOWN_HOST)\"  location: \"JS frame :: resource://services-common/rest.sys.mjs :: onStopRequest :: line 478\"  data: no]","message":null,"code":null,"errno":null}
1783413294675	FirefoxAccounts	ERROR	error GETing /account/attached_clients: {"error":{},"errorString":"[Exception... \"NS_ERROR_UNKNOWN_HOST\"  nsresult: \"0x804b001e (NS_ERROR_UNKNOWN_HOST)\"  location: \"JS frame :: resource://services-common/rest.sys.mjs :: onStopRequest :: line 478\"  data: no]","message":null,"code":null,"errno":null}
1783413294675	FirefoxAccounts	ERROR	Could not update attached clients list : {"error":{},"errorString":"[Exception... \"NS_ERROR_UNKNOWN_HOST\"  nsresult: \"0x804b001e (NS_ERROR_UNKNOWN_HOST)\"  location: \"JS frame :: resource://services-common/rest.sys.mjs :: onStopRequest :: line 478\"  data: no]","message":null,"code":null,"errno":null}
1783413294677	FirefoxAccounts	ERROR	error GETing /account/attached_clients: {"error":{},"errorString":"[Exception... \"NS_ERROR_UNKNOWN_HOST\"  nsresult: \"0x804b001e (NS_ERROR_UNKNOWN_HOST)\"  location: \"JS frame :: resource://services-common/rest.sys.mjs :: onStopRequest :: line 478\"  data: no]","message":null,"code":null,"errno":null}
1783413294677	FirefoxAccounts	ERROR	Could not update attached clients list : {"error":{},"errorString":"[Exception... \"NS_ERROR_UNKNOWN_HOST\"  nsresult: \"0x804b001e (NS_ERROR_UNKNOWN_HOST)\"  location: \"JS frame :: resource://services-common/rest.sys.mjs :: onStopRequest :: line 478\"  data: no]","message":null,"code":null,"errno":null}
1783413294679	FirefoxAccounts	ERROR	error GETing /account/attached_clients: {"error":{},"errorString":"[Exception... \"NS_ERROR_UNKNOWN_HOST\"  nsresult: \"0x804b001e (NS_ERROR_UNKNOWN_HOST)\"  location: \"JS frame :: resource://services-common/rest.sys.mjs :: onStopRequest :: line 478\"  data: no]","message":null,"code":null,"errno":null}
1783413294680	FirefoxAccounts	ERROR	Could not update attached clients list : {"error":{},"errorString":"[Exception... \"NS_ERROR_UNKNOWN_HOST\"  nsresult: \"0x804b001e (NS_ERROR_UNKNOWN_HOST)\"  location: \"JS frame :: resource://services-common/rest.sys.mjs :: onStopRequest :: line 478\"  data: no]","message":null,"code":null,"errno":null}
console.error: "Experiment visual-card-updates has unknown featureId: newtabRefinedCardsLayout"
console.error: "Experiment enable-nimbus-unenrollment-synchronization has unknown featureId: nimbusStore"
1783413294958	FirefoxAccounts	ERROR	error GETing /account/attached_clients: {"error":{},"errorString":"[Exception... \"NS_ERROR_UNKNOWN_HOST\"  nsresult: \"0x804b001e (NS_ERROR_UNKNOWN_HOST)\"  location: \"JS frame :: resource://services-common/rest.sys.mjs :: onStopRequest :: line 478\"  data: no]","message":null,"code":null,"errno":null}
1783413294958	FirefoxAccounts	ERROR	Could not update attached clients list : {"error":{},"errorString":"[Exception... \"NS_ERROR_UNKNOWN_HOST\"  nsresult: \"0x804b001e (NS_ERROR_UNKNOWN_HOST)\"  location: \"JS frame :: resource://services-common/rest.sys.mjs :: onStopRequest :: line 478\"  data: no]","message":null,"code":null,"errno":null}
1783413294958	FirefoxAccounts	ERROR	error GETing /account/devices?filterIdleDevicesTimestamp=1781598894945: {"error":{},"errorString":"[Exception... \"NS_ERROR_UNKNOWN_HOST\"  nsresult: \"0x804b001e (NS_ERROR_UNKNOWN_HOST)\"  location: \"JS frame :: resource://services-common/rest.sys.mjs :: onStopRequest :: line 478\"  data: no]","message":null,"code":null,"errno":null}
1783413294959	Sync.Browser	ERROR	Refreshing device list failed.: {"error":{},"errorString":"[Exception... \"NS_ERROR_UNKNOWN_HOST\"  nsresult: \"0x804b001e (NS_ERROR_UNKNOWN_HOST)\"  location: \"JS frame :: resource://services-common/rest.sys.mjs :: onStopRequest :: line 478\"  data: no]","message":null,"code":null,"errno":null}
1783413294959	FirefoxAccounts	ERROR	error POSTing /oauth/token: {"error":{},"errorString":"[Exception... \"NS_ERROR_UNKNOWN_HOST\"  nsresult: \"0x804b001e (NS_ERROR_UNKNOWN_HOST)\"  location: \"JS frame :: resource://services-common/rest.sys.mjs :: onStopRequest :: line 478\"  data: no]","message":null,"code":null,"errno":null}
1783413294959	FirefoxAccounts	ERROR	FxA rejecting with error UNKNOWN_ERROR, details: {"error":{},"errorString":"[Exception... \"NS_ERROR_UNKNOWN_HOST\"  nsresult: \"0x804b001e (NS_ERROR_UNKNOWN_HOST)\"  location: \"JS frame :: resource://services-common/rest.sys.mjs :: onStopRequest :: line 478\"  data: no]","message":null,"code":null,"errno":null}
1783413294959	Sync.SyncAuthManager	ERROR	Non-authentication error in _fetchTokenForUser: Error: UNKNOWN_ERROR(resource://gre/modules/FxAccounts.sys.mjs:1455:18) JS Stack trace: _error@FxAccounts.sys.mjs:1455:18
_errorToErrorClass@FxAccounts.sys.mjs:1438:17
getOAuthToken@FxAccounts.sys.mjs:505:28
1783413294960	Sync.ErrorHandler	ERROR	Sync encountered a login error
1783413294965	FirefoxAccounts	ERROR	error GETing /account/attached_clients: {"error":{},"errorString":"[Exception... \"NS_ERROR_UNKNOWN_HOST\"  nsresult: \"0x804b001e (NS_ERROR_UNKNOWN_HOST)\"  location: \"JS frame :: resource://services-common/rest.sys.mjs :: onStopRequest :: line 478\"  data: no]","message":null,"code":null,"errno":null}
1783413294965	FirefoxAccounts	ERROR	Could not update attached clients list : {"error":{},"errorString":"[Exception... \"NS_ERROR_UNKNOWN_HOST\"  nsresult: \"0x804b001e (NS_ERROR_UNKNOWN_HOST)\"  location: \"JS frame :: resource://services-common/rest.sys.mjs :: onStopRequest :: line 478\"  data: no]","message":null,"code":null,"errno":null}
1783413294966	FirefoxAccounts	ERROR	error GETing /account/devices?filterIdleDevicesTimestamp=1781598894962: {"error":{},"errorString":"[Exception... \"NS_ERROR_UNKNOWN_HOST\"  nsresult: \"0x804b001e (NS_ERROR_UNKNOWN_HOST)\"  location: \"JS frame :: resource://services-common/rest.sys.mjs :: onStopRequest :: line 478\"  data: no]","message":null,"code":null,"errno":null}
1783413294966	Sync.Browser	ERROR	Refreshing device list failed.: {"error":{},"errorString":"[Exception... \"NS_ERROR_UNKNOWN_HOST\"  nsresult: \"0x804b001e (NS_ERROR_UNKNOWN_HOST)\"  location: \"JS frame :: resource://services-common/rest.sys.mjs :: onStopRequest :: line 478\"  data: no]","message":null,"code":null,"errno":null}
1783413294966	Sync.Browser	ERROR	Refreshing device list failed.: {"error":{},"errorString":"[Exception... \"NS_ERROR_UNKNOWN_HOST\"  nsresult: \"0x804b001e (NS_ERROR_UNKNOWN_HOST)\"  location: \"JS frame :: resource://services-common/rest.sys.mjs :: onStopRequest :: line 478\"  data: no]","message":null,"code":null,"errno":null}
1783413294967	FirefoxAccounts	ERROR	error GETing /account/attached_clients: {"error":{},"errorString":"[Exception... \"NS_ERROR_UNKNOWN_HOST\"  nsresult: \"0x804b001e (NS_ERROR_UNKNOWN_HOST)\"  location: \"JS frame :: resource://services-common/rest.sys.mjs :: onStopRequest :: line 478\"  data: no]","message":null,"code":null,"errno":null}
1783413294967	FirefoxAccounts	ERROR	Could not update attached clients list : {"error":{},"errorString":"[Exception... \"NS_ERROR_UNKNOWN_HOST\"  nsresult: \"0x804b001e (NS_ERROR_UNKNOWN_HOST)\"  location: \"JS frame :: resource://services-common/rest.sys.mjs :: onStopRequest :: line 478\"  data: no]","message":null,"code":null,"errno":null}
1783413294991	FirefoxAccounts	ERROR	error GETing /account/attached_clients: {"error":{},"errorString":"[Exception... \"NS_ERROR_UNKNOWN_HOST\"  nsresult: \"0x804b001e (NS_ERROR_UNKNOWN_HOST)\"  location: \"JS frame :: resource://services-common/rest.sys.mjs :: onStopRequest :: line 478\"  data: no]","message":null,"code":null,"errno":null}
1783413294991	FirefoxAccounts	ERROR	Could not update attached clients list : {"error":{},"errorString":"[Exception... \"NS_ERROR_UNKNOWN_HOST\"  nsresult: \"0x804b001e (NS_ERROR_UNKNOWN_HOST)\"  location: \"JS frame :: resource://services-common/rest.sys.mjs :: onStopRequest :: line 478\"  data: no]","message":null,"code":null,"errno":null}
1783413294992	FirefoxAccounts	ERROR	error GETing /account/devices?filterIdleDevicesTimestamp=1781598894990: {"error":{},"errorString":"[Exception... \"NS_ERROR_UNKNOWN_HOST\"  nsresult: \"0x804b001e (NS_ERROR_UNKNOWN_HOST)\"  location: \"JS frame :: resource://services-common/rest.sys.mjs :: onStopRequest :: line 478\"  data: no]","message":null,"code":null,"errno":null}
1783413294992	Sync.Browser	ERROR	Refreshing device list failed.: {"error":{},"errorString":"[Exception... \"NS_ERROR_UNKNOWN_HOST\"  nsresult: \"0x804b001e (NS_ERROR_UNKNOWN_HOST)\"  location: \"JS frame :: resource://services-common/rest.sys.mjs :: onStopRequest :: line 478\"  data: no]","message":null,"code":null,"errno":null}
console.error: "Sync encountered an error - see about:sync-log for the log file."
1783413295171	FirefoxAccounts	ERROR	error GETing /account/attached_clients: {"error":{},"errorString":"[Exception... \"NS_ERROR_UNKNOWN_HOST\"  nsresult: \"0x804b001e (NS_ERROR_UNKNOWN_HOST)\"  location: \"JS frame :: resource://services-common/rest.sys.mjs :: onStopRequest :: line 478\"  data: no]","message":null,"code":null,"errno":null}
1783413295171	FirefoxAccounts	ERROR	Could not update attached clients list : {"error":{},"errorString":"[Exception... \"NS_ERROR_UNKNOWN_HOST\"  nsresult: \"0x804b001e (NS_ERROR_UNKNOWN_HOST)\"  location: \"JS frame :: resource://services-common/rest.sys.mjs :: onStopRequest :: line 478\"  data: no]","message":null,"code":null,"errno":null}
1783413298585	webdriver::server	INFO	Shutting down
Exiting due to channel error.

thread 'webdriver server' (35812) panicked at /builds/worker/workspace/build/src/testing/webdriver/src/server.rs:636:39:
Error reading response: RecvError
note: run with `RUST_BACKTRACE=1` environment variable to display a backtrace
Exiting due to channel error.
Exiting due to channel error.
Exiting due to channel error.
